

*******************************************************************************
Sat Apr 11 13:16:38 2026


FIT:    data read from "data/algoritmoDivideVenceras.dat"
        format = z
        #datapoints = 13
        residuals are weighted equally (unit weight)

function used for fitting: f(x)
	f(x)=a0*log(x)
fitted parameters initialized with current variable values

iter      chisq       delta/lim  lambda   a0           
   0 3.7405805688e+03   0.00e+00  1.70e+01    1.000000e+00
   5 7.9290160433e-17  -5.05e-09  1.70e-04    2.239759e-09

After 5 iterations the fit converged.
final sum of squares of residuals : 7.92902e-17
rel. change during last iteration : -5.05225e-14

degrees of freedom    (FIT_NDF)                        : 12
rms of residuals      (FIT_STDFIT) = sqrt(WSSR/ndf)    : 2.57051e-09
variance of residuals (reduced chisquare) = WSSR/ndf   : 6.60751e-18

Final set of parameters            Asymptotic Standard Error
=======================            ==========================
a0              = 2.23976e-09      +/- 4.203e-11    (1.876%)


*******************************************************************************
Sat Apr 11 13:18:31 2026


FIT:    data read from "data/algoritmoDivideVenceras.dat"
        format = z
        #datapoints = 17
        residuals are weighted equally (unit weight)

function used for fitting: f(x)
	f(x)=a0*log(x)
fitted parameters initialized with current variable values

iter      chisq       delta/lim  lambda   a0           
   0 4.0627382004e+03   0.00e+00  1.55e+01    1.000000e+00
   5 2.8987195839e-16  -1.70e-10  1.55e-04    2.449454e-09

After 5 iterations the fit converged.
final sum of squares of residuals : 2.89872e-16
rel. change during last iteration : -1.70088e-15

degrees of freedom    (FIT_NDF)                        : 16
rms of residuals      (FIT_STDFIT) = sqrt(WSSR/ndf)    : 4.25641e-09
variance of residuals (reduced chisquare) = WSSR/ndf   : 1.8117e-17

Final set of parameters            Asymptotic Standard Error
=======================            ==========================
a0              = 2.44945e-09      +/- 6.678e-11    (2.726%)


*******************************************************************************
Sat Apr 11 13:20:51 2026


FIT:    data read from "data/algoritmoDivideVenceras.dat"
        format = z
        #datapoints = 17
        residuals are weighted equally (unit weight)

function used for fitting: f(x)
	f(x)=a0*log(x)
fitted parameters initialized with current variable values

iter      chisq       delta/lim  lambda   a0           
   0 4.0627381608e+03   0.00e+00  1.55e+01    1.000000e+00
   5 9.7288481937e-16  -8.11e-11  1.55e-04    7.325369e-09

After 5 iterations the fit converged.
final sum of squares of residuals : 9.72885e-16
rel. change during last iteration : -8.10847e-16

degrees of freedom    (FIT_NDF)                        : 16
rms of residuals      (FIT_STDFIT) = sqrt(WSSR/ndf)    : 7.79778e-09
variance of residuals (reduced chisquare) = WSSR/ndf   : 6.08053e-17

Final set of parameters            Asymptotic Standard Error
=======================            ==========================
a0              = 7.32537e-09      +/- 1.223e-10    (1.67%)


*******************************************************************************
Sat Apr 11 13:22:37 2026


FIT:    data read from "data/algoritmoDivideVenceras.dat"
        format = z
        #datapoints = 19
        residuals are weighted equally (unit weight)

function used for fitting: f(x)
	f(x)=a0*log(x)
fitted parameters initialized with current variable values

iter      chisq       delta/lim  lambda   a0           
   0 4.1225670922e+03   0.00e+00  1.47e+01    1.000000e+00
   5 1.0694079789e-12  -1.89e-11  1.47e-04    9.025528e-09

After 5 iterations the fit converged.
final sum of squares of residuals : 1.06941e-12
rel. change during last iteration : -1.88841e-16

degrees of freedom    (FIT_NDF)                        : 18
rms of residuals      (FIT_STDFIT) = sqrt(WSSR/ndf)    : 2.43745e-07
variance of residuals (reduced chisquare) = WSSR/ndf   : 5.94116e-14

Final set of parameters            Asymptotic Standard Error
=======================            ==========================
a0              = 9.02553e-09      +/- 3.796e-09    (42.06%)


*******************************************************************************
Sat Apr 11 13:25:29 2026


FIT:    data read from "data/algoritmoDivideVenceras.dat"
        format = z
        #datapoints = 19
        residuals are weighted equally (unit weight)

function used for fitting: f(x)
	f(x)=a0*log(x)
fitted parameters initialized with current variable values

iter      chisq       delta/lim  lambda   a0           
   0 4.1225670903e+03   0.00e+00  1.47e+01    1.000000e+00
   5 1.6949635535e-13  -1.49e-11  1.47e-04    9.245624e-09

After 5 iterations the fit converged.
final sum of squares of residuals : 1.69496e-13
rel. change during last iteration : -1.48933e-16

degrees of freedom    (FIT_NDF)                        : 18
rms of residuals      (FIT_STDFIT) = sqrt(WSSR/ndf)    : 9.70385e-08
variance of residuals (reduced chisquare) = WSSR/ndf   : 9.41646e-15

Final set of parameters            Asymptotic Standard Error
=======================            ==========================
a0              = 9.24562e-09      +/- 1.511e-09    (16.35%)


*******************************************************************************
Sat Apr 11 13:30:27 2026


FIT:    data read from "data/algoritmoDivideVenceras.dat"
        format = z
        #datapoints = 19
        residuals are weighted equally (unit weight)

function used for fitting: f(x)
	f(x)=a0*log(x)
fitted parameters initialized with current variable values

iter      chisq       delta/lim  lambda   a0           
   0 4.1225671011e+03   0.00e+00  1.47e+01    1.000000e+00
   5 1.0059385490e-14   0.00e+00  1.47e-01    7.943014e-09

After 5 iterations the fit converged.
final sum of squares of residuals : 1.00594e-14
rel. change during last iteration : 0

degrees of freedom    (FIT_NDF)                        : 18
rms of residuals      (FIT_STDFIT) = sqrt(WSSR/ndf)    : 2.36401e-08
variance of residuals (reduced chisquare) = WSSR/ndf   : 5.58855e-16

Final set of parameters            Asymptotic Standard Error
=======================            ==========================
a0              = 7.94301e-09      +/- 3.682e-10    (4.635%)


*******************************************************************************
Mon Apr 13 10:19:04 2026


FIT:    data read from "data/algoritmoDivideVenceras.dat"
        format = z
        #datapoints = 19
        residuals are weighted equally (unit weight)

function used for fitting: f(x)
	f(x)=a0*log(x)
fitted parameters initialized with current variable values

iter      chisq       delta/lim  lambda   a0           
   0 4.1225671011e+03   0.00e+00  1.47e+01    1.000000e+00
   5 1.0059385490e-14   0.00e+00  1.47e-01    7.943014e-09

After 5 iterations the fit converged.
final sum of squares of residuals : 1.00594e-14
rel. change during last iteration : 0

degrees of freedom    (FIT_NDF)                        : 18
rms of residuals      (FIT_STDFIT) = sqrt(WSSR/ndf)    : 2.36401e-08
variance of residuals (reduced chisquare) = WSSR/ndf   : 5.58855e-16

Final set of parameters            Asymptotic Standard Error
=======================            ==========================
a0              = 7.94301e-09      +/- 3.682e-10    (4.635%)


*******************************************************************************
Mon Apr 13 10:20:57 2026


FIT:    data read from "data/algoritmoDivideVenceras.dat"
        format = z
        #datapoints = 19
        residuals are weighted equally (unit weight)

function used for fitting: f(x)
	f(x)=a0*log(x)
fitted parameters initialized with current variable values

iter      chisq       delta/lim  lambda   a0           
   0 4.1225671011e+03   0.00e+00  1.47e+01    1.000000e+00
   5 1.0059385490e-14   0.00e+00  1.47e-01    7.943014e-09

After 5 iterations the fit converged.
final sum of squares of residuals : 1.00594e-14
rel. change during last iteration : 0

degrees of freedom    (FIT_NDF)                        : 18
rms of residuals      (FIT_STDFIT) = sqrt(WSSR/ndf)    : 2.36401e-08
variance of residuals (reduced chisquare) = WSSR/ndf   : 5.58855e-16

Final set of parameters            Asymptotic Standard Error
=======================            ==========================
a0              = 7.94301e-09      +/- 3.682e-10    (4.635%)
